Microsoft Windows [Version 10.0.14393]
(c) 2016 Microsoft Corporation. All rights reserved.

C:\Users\admin>cd C:\Users\admin\Desktop\Nexwave Training

C:\Users\admin\Desktop\Nexwave Training>git init
Initialized empty Git repository in C:/Users/admin/Desktop/Nexwave Training/.git/

C:\Users\admin\Desktop\Nexwave Training>git status
On branch master

No commits yet

Untracked files:
  (use "git add <file>..." to include in what will be committed)
        abc.txt.txt

nothing added to commit but untracked files present (use "git add" to track)

C:\Users\admin\Desktop\Nexwave Training>git status
On branch master

No commits yet

Untracked files:
  (use "git add <file>..." to include in what will be committed)
        abc.txt

nothing added to commit but untracked files present (use "git add" to track)

C:\Users\admin\Desktop\Nexwave Training>git add *

C:\Users\admin\Desktop\Nexwave Training>git status
On branch master

No commits yet

Changes to be committed:
  (use "git rm --cached <file>..." to unstage)
        new file:   abc.txt


C:\Users\admin\Desktop\Nexwave Training>git commit -m "first change"

*** Please tell me who you are.

Run

  git config --global user.email "you@example.com"
  git config --global user.name "Your Name"

to set your account's default identity.
Omit --global to set the identity only in this repository.

fatal: unable to auto-detect email address (got 'admin@1A-1.(none)')

C:\Users\admin\Desktop\Nexwave Training>git config --global user.email "souravmaiti1997@gmail.com"

C:\Users\admin\Desktop\Nexwave Training>git config --global user.name "souravmighty"

C:\Users\admin\Desktop\Nexwave Training>git commit -m "first change"
[master (root-commit) 97c1d9f] first change
 1 file changed, 1 insertion(+)
 create mode 100644 abc.txt

C:\Users\admin\Desktop\Nexwave Training>git log
commit 97c1d9f27e4615af47264a2f464e93d8301781a0 (HEAD -> master)
Author: souravmighty <souravmaiti1997@gmail.com>
Date:   Thu Dec 26 20:13:51 2019 -0800

    first change

C:\Users\admin\Desktop\Nexwave Training>git status
On branch master
Changes not staged for commit:
  (use "git add <file>..." to update what will be committed)
  (use "git restore <file>..." to discard changes in working directory)
        modified:   abc.txt

no changes added to commit (use "git add" and/or "git commit -a")

C:\Users\admin\Desktop\Nexwave Training>git add .

C:\Users\admin\Desktop\Nexwave Training>git status
On branch master
Changes to be committed:
  (use "git restore --staged <file>..." to unstage)
        modified:   abc.txt


C:\Users\admin\Desktop\Nexwave Training>git commit -m "added two"
[master 33522b0] added two
 1 file changed, 1 insertion(+), 1 deletion(-)

C:\Users\admin\Desktop\Nexwave Training>git log
commit 33522b0afe86c9cb434e54fe9ddb68097df4ee58 (HEAD -> master)
Author: souravmighty <souravmaiti1997@gmail.com>
Date:   Thu Dec 26 20:26:50 2019 -0800

    added two

commit 97c1d9f27e4615af47264a2f464e93d8301781a0
Author: souravmighty <souravmaiti1997@gmail.com>
Date:   Thu Dec 26 20:13:51 2019 -0800

    first change

C:\Users\admin\Desktop\Nexwave Training>git remote add origin https://github.com/souravmighty/exp1.git

C:\Users\admin\Desktop\Nexwave Training>git push -u origin master
Enumerating objects: 6, done.
Counting objects: 100% (6/6), done.
Delta compression using up to 4 threads
Compressing objects: 100% (2/2), done.
Writing objects: 100% (6/6), 450 bytes | 112.00 KiB/s, done.
Total 6 (delta 0), reused 0 (delta 0)
To https://github.com/souravmighty/exp1.git
 * [new branch]      master -> master
Branch 'master' set up to track remote branch 'master' from 'origin'.

C:\Users\admin\Desktop\Nexwave Training>